// Vitest Snapshot v1, https://vitest.dev/guide/snapshot.html

exports[`install-templates > Claude Code + Docker matches snapshot 1`] = `
{
  "body": "claude mcp add kxta -s user \\
  -e KONTEXTA_DATA_DIR=/home/user/kontexta-data \\
  -- docker run --rm -i -v /home/user/kontexta-data:/app/data safiyu/kontexta:1.0.0 mcp",
  "kind": "shell",
  "notes": [],
}
`;

exports[`install-templates > Claude Desktop + npm matches snapshot 1`] = `
{
  "body": "{
  "mcpServers": {
    "kxta": {
      "command": "npx",
      "args": [
        "-y",
        "kontexta-mcp"
      ],
      "env": {
        "KONTEXTA_DATA_DIR": "/home/user/kontexta-data"
      }
    }
  }
}",
  "kind": "json",
  "notes": [],
}
`;
